--------- beginning of main
07-30 08:15:46.112 30020 30020 E TAG     : onOffEventgetOnOff: false;onOff=0 name=N8H-1AF
07-30 08:15:46.113 30020 30020 E TAG     : onOffEvent????setOnOff: 1 name=N8H-1AF
07-30 08:15:46.117 30020 30020 E TAG     : sendOnOff: !!1
07-30 08:15:46.117 30020 30020 E TAG     : sendOnOff: 1!!
07-30 08:15:46.122 30020 30020 E writeBleData: UUID=0003cbbb-0000-1000-8000-00805f9bfff1 data=A0010001BD1E017E
07-30 08:15:46.122 30020 30020 E TAG     : writeBleData: A0010001BD1E017E
07-30 08:15:48.762 30020 30020 E writeBleData: UUID=0003cbbb-0000-1000-8000-00805f9bfff1 data=A2FD010101FF010101FE9601FF00000000000038
07-30 08:15:48.762 30020 30020 E TAG     : writeBleData: A2FD010101FF010101FE9601FF00000000000038
07-30 08:15:48.763 30020 30020 E writeBleData: UUID=0003cbbb-0000-1000-8000-00805f9bfff1 data=A11000010001BD6404000000D8
07-30 08:15:48.763 30020 30020 E TAG     : writeBleData: A11000010001BD6404000000D8
07-30 08:15:50.946 30020 30020 E writeBleData: UUID=0003cbbb-0000-1000-8000-00805f9bfff1 data=A2FD010101FF010101FE9601FF00000000000038
07-30 08:15:50.946 30020 30020 E TAG     : writeBleData: A2FD010101FF010101FE9601FF00000000000038
07-30 08:15:50.948 30020 30020 E writeBleData: UUID=0003cbbb-0000-1000-8000-00805f9bfff1 data=A10500010001BD6404000000CD
07-30 08:15:50.948 30020 30020 E TAG     : writeBleData: A10500010001BD6404000000CD
07-30 08:15:54.045 30020 30020 E writeBleData: UUID=0003cbbb-0000-1000-8000-00805f9bfff1 data=A2FD010101FF010101FE9601FF00000000000038
07-30 08:15:54.045 30020 30020 E TAG     : writeBleData: A2FD010101FF010101FE9601FF00000000000038
07-30 08:15:54.045 30020 30020 E writeBleData: UUID=0003cbbb-0000-1000-8000-00805f9bfff1 data=A10700010001BD6404000000CF
07-30 08:15:54.046 30020 30020 E TAG     : writeBleData: A10700010001BD6404000000CF
07-30 08:15:56.194 30020 30020 E writeBleData: UUID=0003cbbb-0000-1000-8000-00805f9bfff1 data=A2FD010101FF010101FE9601FF00000000000038
07-30 08:15:56.194 30020 30020 E TAG     : writeBleData: A2FD010101FF010101FE9601FF00000000000038
07-30 08:15:56.195 30020 30020 E writeBleData: UUID=0003cbbb-0000-1000-8000-00805f9bfff1 data=A10100010001BD6404000000C9
07-30 08:15:56.195 30020 30020 E TAG     : writeBleData: A10100010001BD6404000000C9
07-30 08:15:58.011 30020 30020 E writeBleData: UUID=0003cbbb-0000-1000-8000-00805f9bfff1 data=A2FD010101FF010101FE9601FF00000000000038
07-30 08:15:58.011 30020 30020 E TAG     : writeBleData: A2FD010101FF010101FE9601FF00000000000038
07-30 08:15:58.011 30020 30020 E writeBleData: UUID=0003cbbb-0000-1000-8000-00805f9bfff1 data=A10600010001BD6404000000CE
07-30 08:15:58.011 30020 30020 E TAG     : writeBleData: A10600010001BD6404000000CE
07-30 08:15:59.731 30020 30020 E writeBleData: UUID=0003cbbb-0000-1000-8000-00805f9bfff1 data=A2FD010101FF010101FE9601FF00000000000038
07-30 08:15:59.731 30020 30020 E TAG     : writeBleData: A2FD010101FF010101FE9601FF00000000000038
07-30 08:15:59.733 30020 30020 E writeBleData: UUID=0003cbbb-0000-1000-8000-00805f9bfff1 data=A10800010001BD6404000000D0
07-30 08:15:59.733 30020 30020 E TAG     : writeBleData: A10800010001BD6404000000D0
07-30 08:16:01.628 30020 30020 E writeBleData: UUID=0003cbbb-0000-1000-8000-00805f9bfff1 data=A2FD010101FF010101FE9601FF00000000000038
07-30 08:16:01.628 30020 30020 E TAG     : writeBleData: A2FD010101FF010101FE9601FF00000000000038
07-30 08:16:01.629 30020 30020 E writeBleData: UUID=0003cbbb-0000-1000-8000-00805f9bfff1 data=A10F00010001BD6404000000D7
07-30 08:16:01.629 30020 30020 E TAG     : writeBleData: A10F00010001BD6404000000D7
07-30 08:16:03.149 30020 30020 E writeBleData: UUID=0003cbbb-0000-1000-8000-00805f9bfff1 data=A2FD010101FF010101FE9601FF00000000000038
07-30 08:16:03.149 30020 30020 E TAG     : writeBleData: A2FD010101FF010101FE9601FF00000000000038
07-30 08:16:03.151 30020 30020 E writeBleData: UUID=0003cbbb-0000-1000-8000-00805f9bfff1 data=A10A00010001BD6404000000D2
07-30 08:16:03.151 30020 30020 E TAG     : writeBleData: A10A00010001BD6404000000D2
07-30 08:16:05.548 30020 30020 E writeBleData: UUID=0003cbbb-0000-1000-8000-00805f9bfff1 data=A2FD010101FF010101FE9601FF00000000000038
07-30 08:16:05.548 30020 30020 E TAG     : writeBleData: A2FD010101FF010101FE9601FF00000000000038
07-30 08:16:05.549 30020 30020 E writeBleData: UUID=0003cbbb-0000-1000-8000-00805f9bfff1 data=A11000010001BD6404000000D8
07-30 08:16:05.549 30020 30020 E TAG     : writeBleData: A11000010001BD6404000000D8
07-30 08:16:07.178 30020 30020 E TAG     : onOffEventgetOnOff: true;onOff=1 name=N8H-1AF
07-30 08:16:07.178 30020 30020 E TAG     : onOffEvent????setOnOff: 0 name=N8H-1AF
07-30 08:16:07.179 30020 30020 E TAG     : sendOnOff: !!1
07-30 08:16:07.179 30020 30020 E TAG     : sendOnOff: 1!!
07-30 08:16:07.179 30020 30020 E writeBleData: UUID=0003cbbb-0000-1000-8000-00805f9bfff1 data=A0000001BD1E017D
07-30 08:16:07.179 30020 30020 E TAG     : writeBleData: A0000001BD1E017D
