--------- beginning of main
07-28 09:46:07.357  4958  4958 E TAG     : onOffEvent????setOnOff: 0 name=N8H-1AF
07-28 09:46:07.357  4958  4958 E TAG     : onOffEventgetOnOff: false;onOff=0 name=N8H-1AF
07-28 09:46:11.365  4958  4958 E TAG     : onOffEvent????setOnOff: 0 name=N8H-1AF
07-28 09:46:11.390  4958  4958 E TAG     : onOffEventgetOnOff: false;onOff=0 name=N8H-1AF
07-28 09:46:11.521  4958  4958 E TAG     : sendP2dFFFA_Cmd: F100
07-28 09:46:11.521  4958  4958 E TAG     : sendP2dFFFA_Cmd: 普通
07-28 09:46:14.009  4958  4958 E TAG     : onOffEventgetOnOff: false;onOff=0 name=N8H-1AF
07-28 09:46:14.009  4958  4958 E TAG     : onOffEventgetOnOff: false;onOff=0 name=N8H-1AF
07-28 09:46:14.010  4958  4958 E TAG     : sendFFF1Spp: 普通:AE00AE
07-28 09:46:14.011  4958  4958 E TAG     : onOffEvent????setOnOff: 0 name=N8H-1AF
07-28 09:46:14.011  4958  4958 E TAG     : onOffEventgetOnOff: false;onOff=0 name=N8H-1AF
07-28 09:46:17.693  4958  4958 E TAG     : onOffEventgetOnOff: false;onOff=0 name=N8H-1AF
07-28 09:46:17.694  4958  4958 E writeBleData: UUID=0003cbbb-0000-1000-8000-00805f9bfff1 data=AD00AD
07-28 09:46:17.694  4958  4958 E TAG     : writeBleData: AD00AD
07-28 09:46:17.759  4958  4958 E TAG     : sendFFF1Spp: 普通:AE00AE
07-28 09:46:17.812  4958  4958 E TAG     : onNotify:??? AD46F3
07-28 09:46:17.812  4958  4958 E TAG     : onNotify:??? AD46F3
07-28 09:46:17.812  4958  4958 E TAG     : onNotify:??? AD46F3
07-28 09:46:17.813  4958  4958 E TAG     : onNotify:??? AD46F3
07-28 09:46:17.813  4958  4958 E TAG     : onNotify:??? AD46F3
07-28 09:46:17.879  4958  4958 E TAG     : sendOnOff: 1!!
07-28 09:46:17.879  4958  4958 E writeBleData: UUID=0003cbbb-0000-1000-8000-00805f9bfff1 data=A0000001BD1E007C
07-28 09:46:17.879  4958  4958 E TAG     : writeBleData: A0000001BD1E007C
07-28 09:46:17.879  4958  4958 E TAG     : sendOnOff: 1!!
07-28 09:46:17.879  4958  4958 E writeBleData: UUID=0003cbbb-0000-1000-8000-00805f9bfff1 data=A0000001BD1E007C
07-28 09:46:17.879  4958  4958 E TAG     : writeBleData: A0000001BD1E007C
07-28 09:46:46.802  4958  4958 E TAG     : onOffEventgetOnOff: false;onOff=0 name=N8H-1AF
07-28 09:46:46.802  4958  4958 E TAG     : onOffEvent????setOnOff: 1 name=N8H-1AF
07-28 09:46:46.802  4958  4958 E TAG     : sendOnOff: !!1
07-28 09:46:46.802  4958  4958 E TAG     : sendOnOff: 1!!
07-28 09:46:46.803  4958  4958 E writeBleData: UUID=0003cbbb-0000-1000-8000-00805f9bfff1 data=A0010001BD1E017E
07-28 09:46:46.803  4958  4958 E TAG     : writeBleData: A0010001BD1E017E
07-28 09:46:51.428  4958  4958 E writeBleData: UUID=0003cbbb-0000-1000-8000-00805f9bfff1 data=AD47F4
07-28 09:46:51.428  4958  4958 E TAG     : writeBleData: AD47F4
07-28 09:46:51.705  4958  4958 E writeBleData: UUID=0003cbbb-0000-1000-8000-00805f9bfff1 data=AD48F5
07-28 09:46:51.705  4958  4958 E TAG     : writeBleData: AD48F5
07-28 09:46:51.842  4958  4958 E writeBleData: UUID=0003cbbb-0000-1000-8000-00805f9bfff1 data=AD49F6
07-28 09:46:51.842  4958  4958 E TAG     : writeBleData: AD49F6
07-28 09:46:51.988  4958  4958 E writeBleData: UUID=0003cbbb-0000-1000-8000-00805f9bfff1 data=AD4AF7
07-28 09:46:51.988  4958  4958 E TAG     : writeBleData: AD4AF7
07-28 09:46:52.140  4958  4958 E writeBleData: UUID=0003cbbb-0000-1000-8000-00805f9bfff1 data=AD4BF8
07-28 09:46:52.140  4958  4958 E TAG     : writeBleData: AD4BF8
07-28 09:46:52.295  4958  4958 E writeBleData: UUID=0003cbbb-0000-1000-8000-00805f9bfff1 data=AD4CF9
07-28 09:46:52.296  4958  4958 E TAG     : writeBleData: AD4CF9
07-28 09:46:52.442  4958  4958 E writeBleData: UUID=0003cbbb-0000-1000-8000-00805f9bfff1 data=AD4DFA
07-28 09:46:52.442  4958  4958 E TAG     : writeBleData: AD4DFA
07-28 09:46:52.593  4958  4958 E writeBleData: UUID=0003cbbb-0000-1000-8000-00805f9bfff1 data=AD4EFB
07-28 09:46:52.594  4958  4958 E TAG     : writeBleData: AD4EFB
07-28 09:46:52.743  4958  4958 E writeBleData: UUID=0003cbbb-0000-1000-8000-00805f9bfff1 data=AD4FFC
07-28 09:46:52.743  4958  4958 E TAG     : writeBleData: AD4FFC
07-28 09:46:52.907  4958  4958 E writeBleData: UUID=0003cbbb-0000-1000-8000-00805f9bfff1 data=AD50FD
07-28 09:46:52.907  4958  4958 E TAG     : writeBleData: AD50FD
07-28 09:46:53.054  4958  4958 E writeBleData: UUID=0003cbbb-0000-1000-8000-00805f9bfff1 data=AD51FE
07-28 09:46:53.054  4958  4958 E TAG     : writeBleData: AD51FE
07-28 09:46:53.206  4958  4958 E writeBleData: UUID=0003cbbb-0000-1000-8000-00805f9bfff1 data=AD52FF
07-28 09:46:53.206  4958  4958 E TAG     : writeBleData: AD52FF
07-28 09:46:53.357  4958  4958 E writeBleData: UUID=0003cbbb-0000-1000-8000-00805f9bfff1 data=AD5300
07-28 09:46:53.357  4958  4958 E TAG     : writeBleData: AD5300
07-28 09:46:53.514  4958  4958 E writeBleData: UUID=0003cbbb-0000-1000-8000-00805f9bfff1 data=AD5401
07-28 09:46:53.514  4958  4958 E TAG     : writeBleData: AD5401
07-28 09:46:53.665  4958  4958 E writeBleData: UUID=0003cbbb-0000-1000-8000-00805f9bfff1 data=AD5502
07-28 09:46:53.665  4958  4958 E TAG     : writeBleData: AD5502
07-28 09:46:53.821  4958  4958 E writeBleData: UUID=0003cbbb-0000-1000-8000-00805f9bfff1 data=AD5603
07-28 09:46:53.821  4958  4958 E TAG     : writeBleData: AD5603
07-28 09:46:53.970  4958  4958 E writeBleData: UUID=0003cbbb-0000-1000-8000-00805f9bfff1 data=AD5704
07-28 09:46:53.970  4958  4958 E TAG     : writeBleData: AD5704
07-28 09:46:54.116  4958  4958 E writeBleData: UUID=0003cbbb-0000-1000-8000-00805f9bfff1 data=AD5805
07-28 09:46:54.116  4958  4958 E TAG     : writeBleData: AD5805
07-28 09:46:54.275  4958  4958 E writeBleData: UUID=0003cbbb-0000-1000-8000-00805f9bfff1 data=AD5906
07-28 09:46:54.275  4958  4958 E TAG     : writeBleData: AD5906
07-28 09:46:54.425  4958  4958 E writeBleData: UUID=0003cbbb-0000-1000-8000-00805f9bfff1 data=AD5A07
07-28 09:46:54.426  4958  4958 E TAG     : writeBleData: AD5A07
07-28 09:46:54.577  4958  4958 E writeBleData: UUID=0003cbbb-0000-1000-8000-00805f9bfff1 data=AD5B08
07-28 09:46:54.577  4958  4958 E TAG     : writeBleData: AD5B08
07-28 09:46:54.729  4958  4958 E writeBleData: UUID=0003cbbb-0000-1000-8000-00805f9bfff1 data=AD5C09
07-28 09:46:54.729  4958  4958 E TAG     : writeBleData: AD5C09
07-28 09:46:54.881  4958  4958 E writeBleData: UUID=0003cbbb-0000-1000-8000-00805f9bfff1 data=AD5D0A
07-28 09:46:54.881  4958  4958 E TAG     : writeBleData: AD5D0A
07-28 09:46:55.027  4958  4958 E writeBleData: UUID=0003cbbb-0000-1000-8000-00805f9bfff1 data=AD5E0B
07-28 09:46:55.027  4958  4958 E TAG     : writeBleData: AD5E0B
07-28 09:46:55.182  4958  4958 E writeBleData: UUID=0003cbbb-0000-1000-8000-00805f9bfff1 data=AD5F0C
07-28 09:46:55.182  4958  4958 E TAG     : writeBleData: AD5F0C
07-28 09:46:55.335  4958  4958 E writeBleData: UUID=0003cbbb-0000-1000-8000-00805f9bfff1 data=AD600D
07-28 09:46:55.335  4958  4958 E TAG     : writeBleData: AD600D
07-28 09:46:55.487  4958  4958 E writeBleData: UUID=0003cbbb-0000-1000-8000-00805f9bfff1 data=AD610E
07-28 09:46:55.487  4958  4958 E TAG     : writeBleData: AD610E
07-28 09:46:55.631  4958  4958 E writeBleData: UUID=0003cbbb-0000-1000-8000-00805f9bfff1 data=AD620F
07-28 09:46:55.631  4958  4958 E TAG     : writeBleData: AD620F
07-28 09:46:55.782  4958  4958 E writeBleData: UUID=0003cbbb-0000-1000-8000-00805f9bfff1 data=AD6310
07-28 09:46:55.782  4958  4958 E TAG     : writeBleData: AD6310
07-28 09:46:55.935  4958  4958 E writeBleData: UUID=0003cbbb-0000-1000-8000-00805f9bfff1 data=AD6411
07-28 09:46:55.935  4958  4958 E TAG     : writeBleData: AD6411
07-28 09:46:56.094  4958  4958 E writeBleData: UUID=0003cbbb-0000-1000-8000-00805f9bfff1 data=AD6512
07-28 09:46:56.094  4958  4958 E TAG     : writeBleData: AD6512
07-28 09:46:56.256  4958  4958 E writeBleData: UUID=0003cbbb-0000-1000-8000-00805f9bfff1 data=AD6613
07-28 09:46:56.256  4958  4958 E TAG     : writeBleData: AD6613
07-28 09:46:56.417  4958  4958 E writeBleData: UUID=0003cbbb-0000-1000-8000-00805f9bfff1 data=AD6714
07-28 09:46:56.417  4958  4958 E TAG     : writeBleData: AD6714
07-28 09:46:56.573  4958  4958 E writeBleData: UUID=0003cbbb-0000-1000-8000-00805f9bfff1 data=AD6815
07-28 09:46:56.573  4958  4958 E TAG     : writeBleData: AD6815
07-28 09:46:56.730  4958  4958 E writeBleData: UUID=0003cbbb-0000-1000-8000-00805f9bfff1 data=AD6916
07-28 09:46:56.730  4958  4958 E TAG     : writeBleData: AD6916
07-28 09:46:56.887  4958  4958 E writeBleData: UUID=0003cbbb-0000-1000-8000-00805f9bfff1 data=AD6A17
07-28 09:46:56.887  4958  4958 E TAG     : writeBleData: AD6A17
07-28 09:46:57.049  4958  4958 E writeBleData: UUID=0003cbbb-0000-1000-8000-00805f9bfff1 data=AD6B18
07-28 09:46:57.049  4958  4958 E TAG     : writeBleData: AD6B18
07-28 09:46:57.208  4958  4958 E writeBleData: UUID=0003cbbb-0000-1000-8000-00805f9bfff1 data=AD6C19
07-28 09:46:57.208  4958  4958 E TAG     : writeBleData: AD6C19
07-28 09:46:57.363  4958  4958 E writeBleData: UUID=0003cbbb-0000-1000-8000-00805f9bfff1 data=AD6D1A
07-28 09:46:57.363  4958  4958 E TAG     : writeBleData: AD6D1A
07-28 09:46:57.519  4958  4958 E writeBleData: UUID=0003cbbb-0000-1000-8000-00805f9bfff1 data=AD6E1B
07-28 09:46:57.519  4958  4958 E TAG     : writeBleData: AD6E1B
07-28 09:46:58.942  4958  4958 E writeBleData: UUID=0003cbbb-0000-1000-8000-00805f9bfff1 data=AD6F1C
07-28 09:46:58.942  4958  4958 E TAG     : writeBleData: AD6F1C
07-28 09:46:59.089  4958  4958 E writeBleData: UUID=0003cbbb-0000-1000-8000-00805f9bfff1 data=AD701D
07-28 09:46:59.089  4958  4958 E TAG     : writeBleData: AD701D
07-28 09:46:59.249  4958  4958 E writeBleData: UUID=0003cbbb-0000-1000-8000-00805f9bfff1 data=AD711E
07-28 09:46:59.249  4958  4958 E TAG     : writeBleData: AD711E
07-28 09:46:59.406  4958  4958 E writeBleData: UUID=0003cbbb-0000-1000-8000-00805f9bfff1 data=AD721F
07-28 09:46:59.406  4958  4958 E TAG     : writeBleData: AD721F
07-28 09:46:59.558  4958  4958 E writeBleData: UUID=0003cbbb-0000-1000-8000-00805f9bfff1 data=AD7320
07-28 09:46:59.558  4958  4958 E TAG     : writeBleData: AD7320
07-28 09:46:59.699  4958  4958 E writeBleData: UUID=0003cbbb-0000-1000-8000-00805f9bfff1 data=AD7421
07-28 09:46:59.699  4958  4958 E TAG     : writeBleData: AD7421
07-28 09:46:59.859  4958  4958 E writeBleData: UUID=0003cbbb-0000-1000-8000-00805f9bfff1 data=AD7522
07-28 09:46:59.859  4958  4958 E TAG     : writeBleData: AD7522
07-28 09:47:00.016  4958  4958 E writeBleData: UUID=0003cbbb-0000-1000-8000-00805f9bfff1 data=AD7623
07-28 09:47:00.016  4958  4958 E TAG     : writeBleData: AD7623
07-28 09:47:00.162  4958  4958 E writeBleData: UUID=0003cbbb-0000-1000-8000-00805f9bfff1 data=AD7724
07-28 09:47:00.162  4958  4958 E TAG     : writeBleData: AD7724
07-28 09:47:00.310  4958  4958 E writeBleData: UUID=0003cbbb-0000-1000-8000-00805f9bfff1 data=AD7825
07-28 09:47:00.310  4958  4958 E TAG     : writeBleData: AD7825
07-28 09:47:00.642  4958  4958 E writeBleData: UUID=0003cbbb-0000-1000-8000-00805f9bfff1 data=AD7724
07-28 09:47:00.642  4958  4958 E TAG     : writeBleData: AD7724
07-28 09:47:00.799  4958  4958 E writeBleData: UUID=0003cbbb-0000-1000-8000-00805f9bfff1 data=AD7623
07-28 09:47:00.799  4958  4958 E TAG     : writeBleData: AD7623
07-28 09:47:00.950  4958  4958 E writeBleData: UUID=0003cbbb-0000-1000-8000-00805f9bfff1 data=AD7522
07-28 09:47:00.950  4958  4958 E TAG     : writeBleData: AD7522
07-28 09:47:01.101  4958  4958 E writeBleData: UUID=0003cbbb-0000-1000-8000-00805f9bfff1 data=AD7421
07-28 09:47:01.101  4958  4958 E TAG     : writeBleData: AD7421
07-28 09:47:01.257  4958  4958 E writeBleData: UUID=0003cbbb-0000-1000-8000-00805f9bfff1 data=AD7320
07-28 09:47:01.257  4958  4958 E TAG     : writeBleData: AD7320
07-28 09:47:01.404  4958  4958 E writeBleData: UUID=0003cbbb-0000-1000-8000-00805f9bfff1 data=AD721F
07-28 09:47:01.404  4958  4958 E TAG     : writeBleData: AD721F
07-28 09:47:01.560  4958  4958 E writeBleData: UUID=0003cbbb-0000-1000-8000-00805f9bfff1 data=AD711E
07-28 09:47:01.560  4958  4958 E TAG     : writeBleData: AD711E
07-28 09:47:01.719  4958  4958 E writeBleData: UUID=0003cbbb-0000-1000-8000-00805f9bfff1 data=AD701D
07-28 09:47:01.719  4958  4958 E TAG     : writeBleData: AD701D
07-28 09:47:01.883  4958  4958 E writeBleData: UUID=0003cbbb-0000-1000-8000-00805f9bfff1 data=AD6F1C
07-28 09:47:01.883  4958  4958 E TAG     : writeBleData: AD6F1C
07-28 09:47:02.039  4958  4958 E writeBleData: UUID=0003cbbb-0000-1000-8000-00805f9bfff1 data=AD6E1B
07-28 09:47:02.039  4958  4958 E TAG     : writeBleData: AD6E1B
07-28 09:47:02.200  4958  4958 E writeBleData: UUID=0003cbbb-0000-1000-8000-00805f9bfff1 data=AD6D1A
07-28 09:47:02.200  4958  4958 E TAG     : writeBleData: AD6D1A
07-28 09:47:02.362  4958  4958 E writeBleData: UUID=0003cbbb-0000-1000-8000-00805f9bfff1 data=AD6C19
07-28 09:47:02.362  4958  4958 E TAG     : writeBleData: AD6C19
07-28 09:47:02.522  4958  4958 E writeBleData: UUID=0003cbbb-0000-1000-8000-00805f9bfff1 data=AD6B18
07-28 09:47:02.522  4958  4958 E TAG     : writeBleData: AD6B18
07-28 09:47:02.672  4958  4958 E writeBleData: UUID=0003cbbb-0000-1000-8000-00805f9bfff1 data=AD6A17
07-28 09:47:02.672  4958  4958 E TAG     : writeBleData: AD6A17
07-28 09:47:02.833  4958  4958 E writeBleData: UUID=0003cbbb-0000-1000-8000-00805f9bfff1 data=AD6916
07-28 09:47:02.833  4958  4958 E TAG     : writeBleData: AD6916
07-28 09:47:02.993  4958  4958 E writeBleData: UUID=0003cbbb-0000-1000-8000-00805f9bfff1 data=AD6815
07-28 09:47:02.994  4958  4958 E TAG     : writeBleData: AD6815
07-28 09:47:03.153  4958  4958 E writeBleData: UUID=0003cbbb-0000-1000-8000-00805f9bfff1 data=AD6714
07-28 09:47:03.153  4958  4958 E TAG     : writeBleData: AD6714
07-28 09:47:03.313  4958  4958 E writeBleData: UUID=0003cbbb-0000-1000-8000-00805f9bfff1 data=AD6613
07-28 09:47:03.313  4958  4958 E TAG     : writeBleData: AD6613
07-28 09:47:03.474  4958  4958 E writeBleData: UUID=0003cbbb-0000-1000-8000-00805f9bfff1 data=AD6512
07-28 09:47:03.475  4958  4958 E TAG     : writeBleData: AD6512
07-28 09:47:03.631  4958  4958 E writeBleData: UUID=0003cbbb-0000-1000-8000-00805f9bfff1 data=AD6411
07-28 09:47:03.631  4958  4958 E TAG     : writeBleData: AD6411
07-28 09:47:03.792  4958  4958 E writeBleData: UUID=0003cbbb-0000-1000-8000-00805f9bfff1 data=AD6310
07-28 09:47:03.792  4958  4958 E TAG     : writeBleData: AD6310
07-28 09:47:03.950  4958  4958 E writeBleData: UUID=0003cbbb-0000-1000-8000-00805f9bfff1 data=AD620F
07-28 09:47:03.950  4958  4958 E TAG     : writeBleData: AD620F
07-28 09:47:04.110  4958  4958 E writeBleData: UUID=0003cbbb-0000-1000-8000-00805f9bfff1 data=AD610E
07-28 09:47:04.110  4958  4958 E TAG     : writeBleData: AD610E
07-28 09:47:04.263  4958  4958 E writeBleData: UUID=0003cbbb-0000-1000-8000-00805f9bfff1 data=AD600D
07-28 09:47:04.263  4958  4958 E TAG     : writeBleData: AD600D
07-28 09:47:04.432  4958  4958 E writeBleData: UUID=0003cbbb-0000-1000-8000-00805f9bfff1 data=AD5F0C
07-28 09:47:04.432  4958  4958 E TAG     : writeBleData: AD5F0C
07-28 09:47:04.593  4958  4958 E writeBleData: UUID=0003cbbb-0000-1000-8000-00805f9bfff1 data=AD5E0B
07-28 09:47:04.593  4958  4958 E TAG     : writeBleData: AD5E0B
07-28 09:47:04.756  4958  4958 E writeBleData: UUID=0003cbbb-0000-1000-8000-00805f9bfff1 data=AD5D0A
07-28 09:47:04.756  4958  4958 E TAG     : writeBleData: AD5D0A
07-28 09:47:04.910  4958  4958 E writeBleData: UUID=0003cbbb-0000-1000-8000-00805f9bfff1 data=AD5C09
07-28 09:47:04.910  4958  4958 E TAG     : writeBleData: AD5C09
07-28 09:47:05.070  4958  4958 E writeBleData: UUID=0003cbbb-0000-1000-8000-00805f9bfff1 data=AD5B08
07-28 09:47:05.070  4958  4958 E TAG     : writeBleData: AD5B08
07-28 09:47:05.229  4958  4958 E writeBleData: UUID=0003cbbb-0000-1000-8000-00805f9bfff1 data=AD5A07
07-28 09:47:05.229  4958  4958 E TAG     : writeBleData: AD5A07
07-28 09:47:05.380  4958  4958 E writeBleData: UUID=0003cbbb-0000-1000-8000-00805f9bfff1 data=AD5906
07-28 09:47:05.380  4958  4958 E TAG     : writeBleData: AD5906
07-28 09:47:05.532  4958  4958 E writeBleData: UUID=0003cbbb-0000-1000-8000-00805f9bfff1 data=AD5805
07-28 09:47:05.532  4958  4958 E TAG     : writeBleData: AD5805
07-28 09:47:05.697  4958  4958 E writeBleData: UUID=0003cbbb-0000-1000-8000-00805f9bfff1 data=AD5704
07-28 09:47:05.697  4958  4958 E TAG     : writeBleData: AD5704
07-28 09:47:05.851  4958  4958 E writeBleData: UUID=0003cbbb-0000-1000-8000-00805f9bfff1 data=AD5603
07-28 09:47:05.852  4958  4958 E TAG     : writeBleData: AD5603
07-28 09:47:06.004  4958  4958 E writeBleData: UUID=0003cbbb-0000-1000-8000-00805f9bfff1 data=AD5502
07-28 09:47:06.004  4958  4958 E TAG     : writeBleData: AD5502
07-28 09:47:06.150  4958  4958 E writeBleData: UUID=0003cbbb-0000-1000-8000-00805f9bfff1 data=AD5401
07-28 09:47:06.150  4958  4958 E TAG     : writeBleData: AD5401
07-28 09:47:06.306  4958  4958 E writeBleData: UUID=0003cbbb-0000-1000-8000-00805f9bfff1 data=AD5300
07-28 09:47:06.306  4958  4958 E TAG     : writeBleData: AD5300
07-28 09:47:06.466  4958  4958 E writeBleData: UUID=0003cbbb-0000-1000-8000-00805f9bfff1 data=AD52FF
07-28 09:47:06.466  4958  4958 E TAG     : writeBleData: AD52FF
07-28 09:47:06.614  4958  4958 E writeBleData: UUID=0003cbbb-0000-1000-8000-00805f9bfff1 data=AD51FE
07-28 09:47:06.614  4958  4958 E TAG     : writeBleData: AD51FE
07-28 09:47:06.777  4958  4958 E writeBleData: UUID=0003cbbb-0000-1000-8000-00805f9bfff1 data=AD50FD
07-28 09:47:06.778  4958  4958 E TAG     : writeBleData: AD50FD
07-28 09:47:06.933  4958  4958 E writeBleData: UUID=0003cbbb-0000-1000-8000-00805f9bfff1 data=AD4FFC
07-28 09:47:06.933  4958  4958 E TAG     : writeBleData: AD4FFC
07-28 09:47:07.091  4958  4958 E writeBleData: UUID=0003cbbb-0000-1000-8000-00805f9bfff1 data=AD4EFB
07-28 09:47:07.092  4958  4958 E TAG     : writeBleData: AD4EFB
07-28 09:47:07.237  4958  4958 E writeBleData: UUID=0003cbbb-0000-1000-8000-00805f9bfff1 data=AD4DFA
07-28 09:47:07.237  4958  4958 E TAG     : writeBleData: AD4DFA
07-28 09:47:07.398  4958  4958 E writeBleData: UUID=0003cbbb-0000-1000-8000-00805f9bfff1 data=AD4CF9
07-28 09:47:07.398  4958  4958 E TAG     : writeBleData: AD4CF9
07-28 09:47:07.549  4958  4958 E writeBleData: UUID=0003cbbb-0000-1000-8000-00805f9bfff1 data=AD4BF8
07-28 09:47:07.549  4958  4958 E TAG     : writeBleData: AD4BF8
07-28 09:47:07.938  4958  4958 E writeBleData: UUID=0003cbbb-0000-1000-8000-00805f9bfff1 data=AD4AF7
07-28 09:47:07.938  4958  4958 E TAG     : writeBleData: AD4AF7
07-28 09:47:08.214  4958  4958 E writeBleData: UUID=0003cbbb-0000-1000-8000-00805f9bfff1 data=AD49F6
07-28 09:47:08.214  4958  4958 E TAG     : writeBleData: AD49F6
07-28 09:47:08.501  4958  4958 E writeBleData: UUID=0003cbbb-0000-1000-8000-00805f9bfff1 data=AD48F5
07-28 09:47:08.501  4958  4958 E TAG     : writeBleData: AD48F5
07-28 09:47:08.820  4958  4958 E writeBleData: UUID=0003cbbb-0000-1000-8000-00805f9bfff1 data=AD47F4
07-28 09:47:08.820  4958  4958 E TAG     : writeBleData: AD47F4
07-28 09:47:09.037  4958  4958 E writeBleData: UUID=0003cbbb-0000-1000-8000-00805f9bfff1 data=AD46F3
07-28 09:47:09.037  4958  4958 E TAG     : writeBleData: AD46F3
